---
http_interactions:
- request:
    method: get
    uri: unix:///var/run/docker.sock/containers/deployupgradetest/json
    body:
      encoding: US-ASCII
      string: ''
    headers:
      User-Agent:
      - Swipely/Docker-API 1.34.0
      Content-Type:
      - text/plain
  response:
    status:
      code: 404
      message: 
    headers:
      Api-Version:
      - '1.29'
      Content-Type:
      - application/json
      Docker-Experimental:
      - 'false'
      Ostype:
      - linux
      Server:
      - Docker/17.05.0-ce (linux)
      Date:
      - Mon, 19 Feb 2018 12:44:55 GMT
      Content-Length:
      - '51'
    body:
      encoding: ASCII-8BIT
      string: '{"message":"No such container: deployupgradetest"}

'
    http_version: 
  recorded_at: Mon, 19 Feb 2018 12:44:55 GMT
- request:
    method: get
    uri: unix:///var/run/docker.sock/containers/deployupgradetest/json
    body:
      encoding: US-ASCII
      string: ''
    headers:
      User-Agent:
      - Swipely/Docker-API 1.34.0
      Content-Type:
      - text/plain
  response:
    status:
      code: 404
      message: 
    headers:
      Api-Version:
      - '1.29'
      Content-Type:
      - application/json
      Docker-Experimental:
      - 'false'
      Ostype:
      - linux
      Server:
      - Docker/17.05.0-ce (linux)
      Date:
      - Mon, 19 Feb 2018 12:44:55 GMT
      Content-Length:
      - '51'
    body:
      encoding: ASCII-8BIT
      string: '{"message":"No such container: deployupgradetest"}

'
    http_version: 
  recorded_at: Mon, 19 Feb 2018 12:44:55 GMT
- request:
    method: get
    uri: unix:///var/run/docker.sock/containers/deployupgradetest/json
    body:
      encoding: US-ASCII
      string: ''
    headers:
      User-Agent:
      - Swipely/Docker-API 1.34.0
      Content-Type:
      - text/plain
  response:
    status:
      code: 404
      message: 
    headers:
      Api-Version:
      - '1.29'
      Content-Type:
      - application/json
      Docker-Experimental:
      - 'false'
      Ostype:
      - linux
      Server:
      - Docker/17.05.0-ce (linux)
      Date:
      - Mon, 19 Feb 2018 12:44:55 GMT
      Content-Length:
      - '51'
    body:
      encoding: ASCII-8BIT
      string: '{"message":"No such container: deployupgradetest"}

'
    http_version: 
  recorded_at: Mon, 19 Feb 2018 12:44:55 GMT
- request:
    method: get
    uri: unix:///var/run/docker.sock/containers/deployupgradetest/json
    body:
      encoding: US-ASCII
      string: ''
    headers:
      User-Agent:
      - Swipely/Docker-API 1.34.0
      Content-Type:
      - text/plain
  response:
    status:
      code: 404
      message: 
    headers:
      Api-Version:
      - '1.29'
      Content-Type:
      - application/json
      Docker-Experimental:
      - 'false'
      Ostype:
      - linux
      Server:
      - Docker/17.05.0-ce (linux)
      Date:
      - Mon, 19 Feb 2018 12:44:55 GMT
      Content-Length:
      - '51'
    body:
      encoding: ASCII-8BIT
      string: '{"message":"No such container: deployupgradetest"}

'
    http_version: 
  recorded_at: Mon, 19 Feb 2018 12:44:55 GMT
- request:
    method: get
    uri: unix:///var/run/docker.sock/networks/bridge
    body:
      encoding: US-ASCII
      string: ''
    headers:
      User-Agent:
      - Swipely/Docker-API 1.34.0
      Content-Type:
      - text/plain
  response:
    status:
      code: 200
      message: 
    headers:
      Api-Version:
      - '1.29'
      Content-Type:
      - application/json
      Docker-Experimental:
      - 'false'
      Ostype:
      - linux
      Server:
      - Docker/17.05.0-ce (linux)
      Date:
      - Mon, 19 Feb 2018 12:44:55 GMT
      Content-Length:
      - '677'
    body:
      encoding: ASCII-8BIT
      string: '{"Name":"bridge","Id":"f319621499cdc423b222f02bfa0167c667789a5e0986bf07f7649e0d7fe4c41e","Created":"2018-02-19T09:34:05.684970726+01:00","Scope":"local","Driver":"bridge","EnableIPv6":false,"IPAM":{"Driver":"default","Options":null,"Config":[{"Subnet":"172.17.0.0/16","Gateway":"172.17.0.1"}]},"Internal":false,"Attachable":false,"Ingress":false,"Containers":{},"Options":{"com.docker.network.bridge.default_bridge":"true","com.docker.network.bridge.enable_icc":"true","com.docker.network.bridge.enable_ip_masquerade":"true","com.docker.network.bridge.host_binding_ipv4":"0.0.0.0","com.docker.network.bridge.name":"docker0","com.docker.network.driver.mtu":"1500"},"Labels":{}}

'
    http_version: 
  recorded_at: Mon, 19 Feb 2018 12:44:55 GMT
- request:
    method: post
    uri: unix:///var/run/docker.sock/networks/f319621499cdc423b222f02bfa0167c667789a5e0986bf07f7649e0d7fe4c41e/disconnect
    body:
      encoding: UTF-8
      string: '{"container":"deployupgradetest","force":true}'
    headers:
      User-Agent:
      - Swipely/Docker-API 1.34.0
      Content-Type:
      - application/json
  response:
    status:
      code: 404
      message: 
    headers:
      Api-Version:
      - '1.29'
      Content-Type:
      - application/json
      Docker-Experimental:
      - 'false'
      Ostype:
      - linux
      Server:
      - Docker/17.05.0-ce (linux)
      Date:
      - Mon, 19 Feb 2018 12:44:55 GMT
      Content-Length:
      - '51'
    body:
      encoding: ASCII-8BIT
      string: '{"message":"endpoint deployupgradetest not found"}

'
    http_version: 
  recorded_at: Mon, 19 Feb 2018 12:44:55 GMT
- request:
    method: get
    uri: unix:///var/run/docker.sock/containers/deployupgradetest/json
    body:
      encoding: US-ASCII
      string: ''
    headers:
      User-Agent:
      - Swipely/Docker-API 1.34.0
      Content-Type:
      - text/plain
  response:
    status:
      code: 404
      message: 
    headers:
      Api-Version:
      - '1.29'
      Content-Type:
      - application/json
      Docker-Experimental:
      - 'false'
      Ostype:
      - linux
      Server:
      - Docker/17.05.0-ce (linux)
      Date:
      - Mon, 19 Feb 2018 12:44:55 GMT
      Content-Length:
      - '51'
    body:
      encoding: ASCII-8BIT
      string: '{"message":"No such container: deployupgradetest"}

'
    http_version: 
  recorded_at: Mon, 19 Feb 2018 12:44:55 GMT
- request:
    method: get
    uri: unix:///var/run/docker.sock/containers/deployupgradetest/json
    body:
      encoding: US-ASCII
      string: ''
    headers:
      User-Agent:
      - Swipely/Docker-API 1.34.0
      Content-Type:
      - text/plain
  response:
    status:
      code: 404
      message: 
    headers:
      Api-Version:
      - '1.29'
      Content-Type:
      - application/json
      Docker-Experimental:
      - 'false'
      Ostype:
      - linux
      Server:
      - Docker/17.05.0-ce (linux)
      Date:
      - Mon, 19 Feb 2018 12:44:55 GMT
      Content-Length:
      - '51'
    body:
      encoding: ASCII-8BIT
      string: '{"message":"No such container: deployupgradetest"}

'
    http_version: 
  recorded_at: Mon, 19 Feb 2018 12:44:55 GMT
- request:
    method: get
    uri: unix:///var/run/docker.sock/containers/deployupgradetest/json
    body:
      encoding: US-ASCII
      string: ''
    headers:
      User-Agent:
      - Swipely/Docker-API 1.34.0
      Content-Type:
      - text/plain
  response:
    status:
      code: 404
      message: 
    headers:
      Api-Version:
      - '1.29'
      Content-Type:
      - application/json
      Docker-Experimental:
      - 'false'
      Ostype:
      - linux
      Server:
      - Docker/17.05.0-ce (linux)
      Date:
      - Mon, 19 Feb 2018 12:44:55 GMT
      Content-Length:
      - '51'
    body:
      encoding: ASCII-8BIT
      string: '{"message":"No such container: deployupgradetest"}

'
    http_version: 
  recorded_at: Mon, 19 Feb 2018 12:44:55 GMT
- request:
    method: get
    uri: unix:///var/run/docker.sock/containers/deployupgradetest/json
    body:
      encoding: US-ASCII
      string: ''
    headers:
      User-Agent:
      - Swipely/Docker-API 1.34.0
      Content-Type:
      - text/plain
  response:
    status:
      code: 404
      message: 
    headers:
      Api-Version:
      - '1.29'
      Content-Type:
      - application/json
      Docker-Experimental:
      - 'false'
      Ostype:
      - linux
      Server:
      - Docker/17.05.0-ce (linux)
      Date:
      - Mon, 19 Feb 2018 12:44:55 GMT
      Content-Length:
      - '51'
    body:
      encoding: ASCII-8BIT
      string: '{"message":"No such container: deployupgradetest"}

'
    http_version: 
  recorded_at: Mon, 19 Feb 2018 12:44:55 GMT
- request:
    method: get
    uri: unix:///var/run/docker.sock/networks/bridge
    body:
      encoding: US-ASCII
      string: ''
    headers:
      User-Agent:
      - Swipely/Docker-API 1.34.0
      Content-Type:
      - text/plain
  response:
    status:
      code: 200
      message: 
    headers:
      Api-Version:
      - '1.29'
      Content-Type:
      - application/json
      Docker-Experimental:
      - 'false'
      Ostype:
      - linux
      Server:
      - Docker/17.05.0-ce (linux)
      Date:
      - Mon, 19 Feb 2018 12:44:55 GMT
      Content-Length:
      - '677'
    body:
      encoding: ASCII-8BIT
      string: '{"Name":"bridge","Id":"f319621499cdc423b222f02bfa0167c667789a5e0986bf07f7649e0d7fe4c41e","Created":"2018-02-19T09:34:05.684970726+01:00","Scope":"local","Driver":"bridge","EnableIPv6":false,"IPAM":{"Driver":"default","Options":null,"Config":[{"Subnet":"172.17.0.0/16","Gateway":"172.17.0.1"}]},"Internal":false,"Attachable":false,"Ingress":false,"Containers":{},"Options":{"com.docker.network.bridge.default_bridge":"true","com.docker.network.bridge.enable_icc":"true","com.docker.network.bridge.enable_ip_masquerade":"true","com.docker.network.bridge.host_binding_ipv4":"0.0.0.0","com.docker.network.bridge.name":"docker0","com.docker.network.driver.mtu":"1500"},"Labels":{}}

'
    http_version: 
  recorded_at: Mon, 19 Feb 2018 12:44:55 GMT
- request:
    method: post
    uri: unix:///var/run/docker.sock/networks/f319621499cdc423b222f02bfa0167c667789a5e0986bf07f7649e0d7fe4c41e/disconnect
    body:
      encoding: UTF-8
      string: '{"container":"deployupgradetest","force":true}'
    headers:
      User-Agent:
      - Swipely/Docker-API 1.34.0
      Content-Type:
      - application/json
  response:
    status:
      code: 404
      message: 
    headers:
      Api-Version:
      - '1.29'
      Content-Type:
      - application/json
      Docker-Experimental:
      - 'false'
      Ostype:
      - linux
      Server:
      - Docker/17.05.0-ce (linux)
      Date:
      - Mon, 19 Feb 2018 12:44:55 GMT
      Content-Length:
      - '51'
    body:
      encoding: ASCII-8BIT
      string: '{"message":"endpoint deployupgradetest not found"}

'
    http_version: 
  recorded_at: Mon, 19 Feb 2018 12:44:55 GMT
- request:
    method: post
    uri: unix:///var/run/docker.sock/containers/create
    body:
      encoding: UTF-8
      string: '{"Image":"deployupgradetest:latest","HostConfig":{"Privileged":false,"Ulimits":[{"Name":"nofile","Soft":1024,"Hard":1024}],"SecurityOpt":["seccomp=unconfined"],"Binds":["<%=
        Dir.pwd %>:/tooling-pending"]},"Cmd":["sh","/tooling-pending/deploy_upgrade_container.sh","vivid","wily"],"WorkingDir":"<%=
        Dir.pwd %>","Env":["PATH=/usr/local/bin:/usr/local/sbin:/usr/bin:/usr/sbin:/bin:/sbin","LANG=en_US.UTF-8","DEBIAN_FRONTEND=noninteractive  "],"Volumes":{"<%=
        Dir.pwd %>":{}}}'
    headers:
      User-Agent:
      - Swipely/Docker-API 1.34.0
      Content-Type:
      - application/json
  response:
    status:
      code: 201
      message: 
    headers:
      Api-Version:
      - '1.29'
      Content-Type:
      - application/json
      Docker-Experimental:
      - 'false'
      Ostype:
      - linux
      Server:
      - Docker/17.05.0-ce (linux)
      Date:
      - Mon, 19 Feb 2018 12:44:55 GMT
      Content-Length:
      - '90'
    body:
      encoding: ASCII-8BIT
      string: '{"Id":"5c4dd5a8e783300b4bdc5caa23ce6a751eef9cf6cf4e943e373a1ebe90254e3d","Warnings":null}

'
    http_version: 
  recorded_at: Mon, 19 Feb 2018 12:44:55 GMT
- request:
    method: post
    uri: unix:///var/run/docker.sock/containers/5c4dd5a8e783300b4bdc5caa23ce6a751eef9cf6cf4e943e373a1ebe90254e3d/rename?name=deployupgradetest
    body:
      encoding: US-ASCII
      string: ''
    headers:
      User-Agent:
      - Swipely/Docker-API 1.34.0
      Content-Type:
      - text/plain
  response:
    status:
      code: 204
      message: 
    headers:
      Api-Version:
      - '1.29'
      Docker-Experimental:
      - 'false'
      Ostype:
      - linux
      Server:
      - Docker/17.05.0-ce (linux)
      Date:
      - Mon, 19 Feb 2018 12:44:55 GMT
    body:
      encoding: ASCII-8BIT
      string: ''
    http_version: 
  recorded_at: Mon, 19 Feb 2018 12:44:55 GMT
- request:
    method: post
    uri: unix:///var/run/docker.sock/containers/5c4dd5a8e783300b4bdc5caa23ce6a751eef9cf6cf4e943e373a1ebe90254e3d/start
    body:
      encoding: UTF-8
      string: "{}"
    headers:
      User-Agent:
      - Swipely/Docker-API 1.34.0
      Content-Type:
      - application/json
  response:
    status:
      code: 204
      message: 
    headers:
      Api-Version:
      - '1.29'
      Docker-Experimental:
      - 'false'
      Ostype:
      - linux
      Server:
      - Docker/17.05.0-ce (linux)
      Date:
      - Mon, 19 Feb 2018 12:44:56 GMT
    body:
      encoding: ASCII-8BIT
      string: ''
    http_version: 
  recorded_at: Mon, 19 Feb 2018 12:44:56 GMT
- request:
    method: post
    uri: unix:///var/run/docker.sock/containers/5c4dd5a8e783300b4bdc5caa23ce6a751eef9cf6cf4e943e373a1ebe90254e3d/wait
    body:
      encoding: US-ASCII
      string: ''
    headers:
      User-Agent:
      - Swipely/Docker-API 1.34.0
      Content-Type:
      - text/plain
  response:
    status:
      code: 200
      message: 
    headers:
      Api-Version:
      - '1.29'
      Content-Type:
      - application/json
      Docker-Experimental:
      - 'false'
      Ostype:
      - linux
      Server:
      - Docker/17.05.0-ce (linux)
      Date:
      - Mon, 19 Feb 2018 12:44:56 GMT
      Content-Length:
      - '17'
    body:
      encoding: ASCII-8BIT
      string: '{"StatusCode":0}

'
    http_version: 
  recorded_at: Mon, 19 Feb 2018 12:44:56 GMT
- request:
    method: post
    uri: unix:///var/run/docker.sock/containers/5c4dd5a8e783300b4bdc5caa23ce6a751eef9cf6cf4e943e373a1ebe90254e3d/stop
    body:
      encoding: UTF-8
      string: "{}"
    headers:
      User-Agent:
      - Swipely/Docker-API 1.34.0
      Content-Type:
      - application/json
  response:
    status:
      code: 304
      message: 
    headers:
      Api-Version:
      - '1.29'
      Docker-Experimental:
      - 'false'
      Ostype:
      - linux
      Server:
      - Docker/17.05.0-ce (linux)
      Date:
      - Mon, 19 Feb 2018 12:44:56 GMT
    body:
      encoding: ASCII-8BIT
      string: ''
    http_version: 
  recorded_at: Mon, 19 Feb 2018 12:44:56 GMT
- request:
    method: get
    uri: unix:///var/run/docker.sock/containers/5c4dd5a8e783300b4bdc5caa23ce6a751eef9cf6cf4e943e373a1ebe90254e3d/json
    body:
      encoding: US-ASCII
      string: ''
    headers:
      User-Agent:
      - Swipely/Docker-API 1.34.0
      Content-Type:
      - text/plain
  response:
    status:
      code: 200
      message: 
    headers:
      Api-Version:
      - '1.29'
      Content-Type:
      - application/json
      Docker-Experimental:
      - 'false'
      Ostype:
      - linux
      Server:
      - Docker/17.05.0-ce (linux)
      Date:
      - Mon, 19 Feb 2018 12:44:56 GMT
    body:
      encoding: ASCII-8BIT
      string: '{"Id":"5c4dd5a8e783300b4bdc5caa23ce6a751eef9cf6cf4e943e373a1ebe90254e3d","Created":"2018-02-19T12:44:55.93187626Z","Path":"sh","Args":["/tooling-pending/deploy_upgrade_container.sh","vivid","wily"],"State":{"Status":"exited","Running":false,"Paused":false,"Restarting":false,"OOMKilled":false,"Dead":false,"Pid":0,"ExitCode":0,"Error":"","StartedAt":"2018-02-19T12:44:56.209514616Z","FinishedAt":"2018-02-19T12:44:56.281411741Z"},"Image":"sha256:d1b55fd07600b2e26d667434f414beee12b0771dfd4a2c7b5ed6f2fc9e683b43","ResolvConfPath":"/var/lib/docker/containers/5c4dd5a8e783300b4bdc5caa23ce6a751eef9cf6cf4e943e373a1ebe90254e3d/resolv.conf","HostnamePath":"/var/lib/docker/containers/5c4dd5a8e783300b4bdc5caa23ce6a751eef9cf6cf4e943e373a1ebe90254e3d/hostname","HostsPath":"/var/lib/docker/containers/5c4dd5a8e783300b4bdc5caa23ce6a751eef9cf6cf4e943e373a1ebe90254e3d/hosts","LogPath":"/var/lib/docker/containers/5c4dd5a8e783300b4bdc5caa23ce6a751eef9cf6cf4e943e373a1ebe90254e3d/5c4dd5a8e783300b4bdc5caa23ce6a751eef9cf6cf4e943e373a1ebe90254e3d-json.log","Name":"/deployupgradetest","RestartCount":0,"Driver":"btrfs","MountLabel":"","ProcessLabel":"","AppArmorProfile":"docker-default","ExecIDs":null,"HostConfig":{"Binds":["<%=
        Dir.pwd %>:/tooling-pending"],"ContainerIDFile":"","LogConfig":{"Type":"json-file","Config":{}},"NetworkMode":"default","PortBindings":null,"RestartPolicy":{"Name":"","MaximumRetryCount":0},"AutoRemove":false,"VolumeDriver":"","VolumesFrom":null,"CapAdd":null,"CapDrop":null,"Dns":null,"DnsOptions":null,"DnsSearch":null,"ExtraHosts":null,"GroupAdd":null,"IpcMode":"","Cgroup":"","Links":null,"OomScoreAdj":0,"PidMode":"","Privileged":false,"PublishAllPorts":false,"ReadonlyRootfs":false,"SecurityOpt":["seccomp=unconfined"],"UTSMode":"","UsernsMode":"","ShmSize":67108864,"Runtime":"runc","ConsoleSize":[0,0],"Isolation":"","CpuShares":0,"Memory":0,"NanoCpus":0,"CgroupParent":"","BlkioWeight":0,"BlkioWeightDevice":null,"BlkioDeviceReadBps":null,"BlkioDeviceWriteBps":null,"BlkioDeviceReadIOps":null,"BlkioDeviceWriteIOps":null,"CpuPeriod":0,"CpuQuota":0,"CpuRealtimePeriod":0,"CpuRealtimeRuntime":0,"CpusetCpus":"","CpusetMems":"","Devices":null,"DeviceCgroupRules":null,"DiskQuota":0,"KernelMemory":0,"MemoryReservation":0,"MemorySwap":0,"MemorySwappiness":-1,"OomKillDisable":false,"PidsLimit":0,"Ulimits":[{"Name":"nofile","Hard":1024,"Soft":1024}],"CpuCount":0,"CpuPercent":0,"IOMaximumIOps":0,"IOMaximumBandwidth":0},"GraphDriver":{"Data":null,"Name":"btrfs"},"Mounts":[{"Type":"bind","Source":"<%=
        Dir.pwd %>","Destination":"/tooling-pending","Mode":"","RW":true,"Propagation":""},{"Type":"volume","Name":"3cdc2f2520e91a031b0641fd70ff020efae1cddbd11d966ea4cbc9b05258686f","Source":"/var/lib/docker/volumes/3cdc2f2520e91a031b0641fd70ff020efae1cddbd11d966ea4cbc9b05258686f/_data","Destination":"<%=
        Dir.pwd %>","Driver":"local","Mode":"","RW":true,"Propagation":""}],"Config":{"Hostname":"5c4dd5a8e783","Domainname":"","User":"","AttachStdin":false,"AttachStdout":false,"AttachStderr":false,"Tty":false,"OpenStdin":false,"StdinOnce":false,"Env":["PATH=/usr/local/bin:/usr/local/sbin:/usr/bin:/usr/sbin:/bin:/sbin","LANG=en_US.UTF-8","DEBIAN_FRONTEND=noninteractive  "],"Cmd":["sh","/tooling-pending/deploy_upgrade_container.sh","vivid","wily"],"Image":"deployupgradetest:latest","Volumes":{"<%=
        Dir.pwd %>":{}},"WorkingDir":"<%= Dir.pwd %>","Entrypoint":null,"OnBuild":null,"Labels":{}},"NetworkSettings":{"Bridge":"","SandboxID":"c749c44e6c9397a61426d3fda83c0bb1bbc0c2238a7f4c08ffa038d59531c0f8","HairpinMode":false,"LinkLocalIPv6Address":"","LinkLocalIPv6PrefixLen":0,"Ports":{},"SandboxKey":"/var/run/docker/netns/c749c44e6c93","SecondaryIPAddresses":null,"SecondaryIPv6Addresses":null,"EndpointID":"","Gateway":"","GlobalIPv6Address":"","GlobalIPv6PrefixLen":0,"IPAddress":"","IPPrefixLen":0,"IPv6Gateway":"","MacAddress":"","Networks":{"bridge":{"IPAMConfig":null,"Links":null,"Aliases":null,"NetworkID":"f319621499cdc423b222f02bfa0167c667789a5e0986bf07f7649e0d7fe4c41e","EndpointID":"","Gateway":"","IPAddress":"","IPPrefixLen":0,"IPv6Gateway":"","GlobalIPv6Address":"","GlobalIPv6PrefixLen":0,"MacAddress":""}}}}

'
    http_version: 
  recorded_at: Mon, 19 Feb 2018 12:44:56 GMT
- request:
    method: delete
    uri: unix:///var/run/docker.sock/containers/5c4dd5a8e783300b4bdc5caa23ce6a751eef9cf6cf4e943e373a1ebe90254e3d
    body:
      encoding: US-ASCII
      string: ''
    headers:
      User-Agent:
      - Swipely/Docker-API 1.34.0
      Content-Type:
      - text/plain
  response:
    status:
      code: 204
      message: 
    headers:
      Api-Version:
      - '1.29'
      Docker-Experimental:
      - 'false'
      Ostype:
      - linux
      Server:
      - Docker/17.05.0-ce (linux)
      Date:
      - Mon, 19 Feb 2018 12:44:56 GMT
    body:
      encoding: ASCII-8BIT
      string: ''
    http_version: 
  recorded_at: Mon, 19 Feb 2018 12:44:56 GMT
recorded_with: VCR 4.0.0
